ProteinName	ACount	BCount	CCount	DCount	ECount	FCount	GCount	HCount	ICount	JCount	KCount	LCount	MCount	NCount	OCount	PCount	QCount	RCount	SCount	TCount	UCount	VCount	WCount	XCount	YCount	ZCount	Length
"1433B_HUMAN P31946 14-3-3 protein beta/alpha"	21	0	2	14	30	6	10	2	10	0	20	24	8	14	0	5	15	10	19	12	0	11	2	0	11	0	246
"1433E_HUMAN P62258 14-3-3 protein epsilon"	24	0	3	20	25	5	10	3	13	0	17	26	10	9	0	5	6	14	14	10	0	12	2	0	12	0	240
